
Merging object attributes


There are no discarded input sections

Memory Configuration

Name             Origin             Length             Attributes
FLASH            0x00080000         0x02000000         xr
RAM              0x80000000         0x00000000         xrw
*default*        0x00000000         0xffffffff

Linker script and memory map


.text           0x00080000       0x3c
 *(.text.boot)
 .text.boot     0x00080000       0x34 src/bootloader/bootloader.o
                0x00080000                _start
 *(.text)
 .text          0x00080034        0x0 src/bootloader/bootloader.o
 .text          0x00080034        0x8 src/kernel/kernel.o
                0x00080034                uart_init
                0x00080038                uart_puts
 *(.rodata)

.rodata.str1.4  0x0008003c       0x11
 .rodata.str1.4
                0x0008003c       0x11 src/kernel/kernel.o

.glue_7         0x00080050        0x0
 .glue_7        0x00080050        0x0 linker stubs

.glue_7t        0x00080050        0x0
 .glue_7t       0x00080050        0x0 linker stubs

.vfp11_veneer   0x00080050        0x0
 .vfp11_veneer  0x00080050        0x0 linker stubs

.v4_bx          0x00080050        0x0
 .v4_bx         0x00080050        0x0 linker stubs

.iplt           0x00080050        0x0
 .iplt          0x00080050        0x0 src/bootloader/bootloader.o

.text.startup   0x00080050       0x20
 .text.startup  0x00080050       0x20 src/kernel/kernel.o
                0x00080050                main

.rel.dyn        0x00080070        0x0
 .rel.iplt      0x00080070        0x0 src/bootloader/bootloader.o

.data           0x00080070        0x0
 *(.data)
 .data          0x00080070        0x0 src/bootloader/bootloader.o
 .data          0x00080070        0x0 src/kernel/kernel.o

.igot.plt       0x00080070        0x0
 .igot.plt      0x00080070        0x0 src/bootloader/bootloader.o

.bss            0x00080070        0x0
                0x00080070                        __bss_start__ = .
 *(.bss)
 .bss           0x00080070        0x0 src/bootloader/bootloader.o
 .bss           0x00080070        0x0 src/kernel/kernel.o
 *(COMMON)
                0x00080070                        __bss_end__ = .
LOAD src/bootloader/bootloader.o
LOAD src/kernel/kernel.o
OUTPUT(kernel.elf elf32-littlearm)
LOAD linker stubs

.ARM.attributes
                0x00000000       0x2f
 .ARM.attributes
                0x00000000       0x21 src/bootloader/bootloader.o
 .ARM.attributes
                0x00000021       0x33 src/kernel/kernel.o

.comment        0x00000000       0x12
 .comment       0x00000000       0x12 src/kernel/kernel.o
                                 0x13 (size before relaxing)
